2025-10-27 15:17:22,329 - INFO - PREPROCESAMIENTO DE IMÁGENES
2025-10-27 15:17:22,329 - INFO - Verificando si necesitas redimensionar imágenes...
2025-10-27 15:17:22,330 - INFO - Ya existen 1571 imágenes redimensionadas en /home/jhon/bandas/banda13/ene_may_5m_reducida
2025-10-27 15:17:22,331 - INFO - Cargando 1571 imágenes desde /home/jhon/bandas/banda13/ene_may_5m_reducida...
2025-10-27 15:17:22,386 - INFO - Cargadas 100/1571 imágenes...
2025-10-27 15:17:22,439 - INFO - Cargadas 200/1571 imágenes...
2025-10-27 15:17:22,494 - INFO - Cargadas 300/1571 imágenes...
2025-10-27 15:17:22,549 - INFO - Cargadas 400/1571 imágenes...
2025-10-27 15:17:22,601 - INFO - Cargadas 500/1571 imágenes...
2025-10-27 15:17:22,656 - INFO - Cargadas 600/1571 imágenes...
2025-10-27 15:17:22,709 - INFO - Cargadas 700/1571 imágenes...
2025-10-27 15:17:22,763 - INFO - Cargadas 800/1571 imágenes...
2025-10-27 15:17:22,817 - INFO - Cargadas 900/1571 imágenes...
2025-10-27 15:17:22,865 - INFO - Cargadas 1000/1571 imágenes...
2025-10-27 15:17:22,905 - INFO - Cargadas 1100/1571 imágenes...
2025-10-27 15:17:22,947 - INFO - Cargadas 1200/1571 imágenes...
2025-10-27 15:17:22,989 - INFO - Cargadas 1300/1571 imágenes...
2025-10-27 15:17:23,029 - INFO - Cargadas 1400/1571 imágenes...
2025-10-27 15:17:23,070 - INFO - Cargadas 1500/1571 imágenes...
2025-10-27 15:17:23,099 - INFO - Carga completada: 1571 imágenes
2025-10-27 15:17:24,851 - INFO - Construyendo secuencias temporales...
2025-10-27 15:17:26,421 - INFO - Secuencias creadas: Forma X_seq: (1568, 3, 480, 480, 1), Forma y_seq: (1568, 480, 480, 1), Número de secuencias: 1568
2025-10-27 15:17:26,421 - INFO - CONSTRUYENDO MODELO OPTIMIZADO PARA GPU
2025-10-27 15:17:26,619 - INFO - Modelo construido y compilado con optimizaciones GPU
2025-10-27 15:17:26,632 - INFO - DIVISIÓN DE DATOS
2025-10-27 15:17:26,632 - INFO - Datos divididos: Entrenamiento: 1254 muestras, Validación: 314 muestras
2025-10-27 15:17:26,632 - INFO - INICIANDO ENTRENAMIENTO CON GPU
