2025-10-27 15:23:51,473 - INFO - PREPROCESAMIENTO DE IMÁGENES
2025-10-27 15:23:51,473 - INFO - Verificando si necesitas redimensionar imágenes...
2025-10-27 15:23:51,474 - INFO - Ya existen 1571 imágenes redimensionadas en /home/jhon/bandas/banda13/ene_may_5m_reducida
2025-10-27 15:23:51,474 - INFO - Cargando 1571 imágenes desde /home/jhon/bandas/banda13/ene_may_5m_reducida...
2025-10-27 15:23:51,519 - INFO - Cargadas 100/1571 imágenes...
2025-10-27 15:23:51,562 - INFO - Cargadas 200/1571 imágenes...
2025-10-27 15:23:51,605 - INFO - Cargadas 300/1571 imágenes...
2025-10-27 15:23:51,648 - INFO - Cargadas 400/1571 imágenes...
2025-10-27 15:23:51,688 - INFO - Cargadas 500/1571 imágenes...
2025-10-27 15:23:51,731 - INFO - Cargadas 600/1571 imágenes...
2025-10-27 15:23:51,773 - INFO - Cargadas 700/1571 imágenes...
2025-10-27 15:23:51,815 - INFO - Cargadas 800/1571 imágenes...
2025-10-27 15:23:51,858 - INFO - Cargadas 900/1571 imágenes...
2025-10-27 15:23:51,898 - INFO - Cargadas 1000/1571 imágenes...
2025-10-27 15:23:51,940 - INFO - Cargadas 1100/1571 imágenes...
2025-10-27 15:23:51,981 - INFO - Cargadas 1200/1571 imágenes...
2025-10-27 15:23:52,023 - INFO - Cargadas 1300/1571 imágenes...
2025-10-27 15:23:52,067 - INFO - Cargadas 1400/1571 imágenes...
2025-10-27 15:23:52,110 - INFO - Cargadas 1500/1571 imágenes...
2025-10-27 15:23:52,141 - INFO - Carga completada: 1571 imágenes
2025-10-27 15:23:54,133 - INFO - Construyendo secuencias temporales...
2025-10-27 15:23:55,599 - INFO - Secuencias creadas: Forma X_seq: (1568, 3, 480, 480, 1), Forma y_seq: (1568, 480, 480, 1), Número de secuencias: 1568
2025-10-27 15:23:55,599 - INFO - CONSTRUYENDO MODELO OPTIMIZADO PARA GPU
2025-10-27 15:23:56,217 - INFO - Modelo construido y compilado con optimizaciones GPU
2025-10-27 15:23:56,231 - INFO - DIVISIÓN DE DATOS
2025-10-27 15:23:56,231 - INFO - Datos divididos: Entrenamiento: 1254 muestras, Validación: 314 muestras
2025-10-27 15:23:56,231 - INFO - INICIANDO ENTRENAMIENTO CON GPU
2025-10-27 15:24:03,765 - INFO - Reduce to /job:localhost/replica:0/task:0/device:CPU:0 then broadcast to ('/job:localhost/replica:0/task:0/device:CPU:0',).
2025-10-27 15:24:03,768 - INFO - Reduce to /job:localhost/replica:0/task:0/device:CPU:0 then broadcast to ('/job:localhost/replica:0/task:0/device:CPU:0',).
2025-10-27 15:24:03,772 - INFO - Reduce to /job:localhost/replica:0/task:0/device:CPU:0 then broadcast to ('/job:localhost/replica:0/task:0/device:CPU:0',).
2025-10-27 15:24:03,773 - INFO - Reduce to /job:localhost/replica:0/task:0/device:CPU:0 then broadcast to ('/job:localhost/replica:0/task:0/device:CPU:0',).
2025-10-27 15:24:03,774 - INFO - Reduce to /job:localhost/replica:0/task:0/device:CPU:0 then broadcast to ('/job:localhost/replica:0/task:0/device:CPU:0',).
2025-10-27 15:24:03,775 - INFO - Reduce to /job:localhost/replica:0/task:0/device:CPU:0 then broadcast to ('/job:localhost/replica:0/task:0/device:CPU:0',).
2025-10-27 15:24:03,879 - INFO - Reduce to /job:localhost/replica:0/task:0/device:CPU:0 then broadcast to ('/job:localhost/replica:0/task:0/device:CPU:0',).
2025-10-27 15:24:03,884 - INFO - Reduce to /job:localhost/replica:0/task:0/device:CPU:0 then broadcast to ('/job:localhost/replica:0/task:0/device:CPU:0',).
2025-10-27 15:24:03,885 - INFO - Reduce to /job:localhost/replica:0/task:0/device:CPU:0 then broadcast to ('/job:localhost/replica:0/task:0/device:CPU:0',).
2025-10-27 15:24:03,886 - INFO - Reduce to /job:localhost/replica:0/task:0/device:CPU:0 then broadcast to ('/job:localhost/replica:0/task:0/device:CPU:0',).
2025-10-27 15:26:17,483 - WARNING - You are saving your model as an HDF5 file via `model.save()` or `keras.saving.save_model(model)`. This file format is considered legacy. We recommend using instead the native Keras format, e.g. `model.save('my_model.keras')` or `keras.saving.save_model(model, 'my_model.keras')`. 
2025-10-27 15:27:57,523 - WARNING - You are saving your model as an HDF5 file via `model.save()` or `keras.saving.save_model(model)`. This file format is considered legacy. We recommend using instead the native Keras format, e.g. `model.save('my_model.keras')` or `keras.saving.save_model(model, 'my_model.keras')`. 
2025-10-27 15:51:09,155 - INFO - ¡Entrenamiento completado!
2025-10-27 15:51:09,155 - INFO - Resultados guardados en: training_logs_gpu/modelo15_gpu_results_20251027_152351.json
2025-10-27 15:51:09,155 - INFO - RESULTADOS DEL ENTRENAMIENTO
2025-10-27 15:51:09,156 - INFO - Resultados finales - Train Loss: 0.0093, Val Loss: 0.0629, Mejor época: 2
2025-10-27 15:51:09,156 - INFO - Generando predicciones...
